print('testing garbage collection')

collectgarbage()

_G["while"] = 234

limit = 5000



contCreate = 0

print('tables')
while contCreate <= limit do
  local a = {}; a = nil
  contCreate = contCreate+1
end

a = "a"

contCreate = 0
print('strings')
while contCreate <= limit do
  a = contCreate .. "b";
  a = string.gsub(a, '(%d%d*)', string.upper)
  a = "a"
  contCreate = contCreate+1
end


contCreate = 0

a = {}

print('functions')
function a:test ()
  while contCreate <= limit do
    loadstring(string.format("function temp(a) return 'a%d' end", contCreate))()
    assert(temp() == string.format('a%d', contCreate))
    contCreate = contCreate+1
  end
end

a:test()


do local f = function () end end


print("functions with errors")
prog = [[
do
  a = 10;
  function foo(x,y)
    a = sin(a+0.456-0.23e-12);
    return function (z) return sin(%x+z) end
  end
  local x = function (w) a=a+w; end
end
]]
do
  local step = 1
  if rawget(_G, "_soft") then step = 13 end
  for i=1, string.len(prog), step do
    for j=i, string.len(prog), step do
      pcall(loadstring(string.sub(prog, i, j)))
    end
  end
end

print('long strings')
x = "01234567890123456789012345678901234567890123456789012345678901234567890123456789"
assert(string.len(x)==80)
s = ''
n = 0
k = 300
while n < k do s = s..x; n=n+1; j=tostring(n)  end
assert(string.len(s) == k*80)
s = string.sub(s, 1, 20000)
s, i = string.gsub(s, '(%d%d%d%d)', math.sin)
assert(i==20000/4)
s = nil
x = nil

assert(_G["while"] == 234)


local bytes = gcinfo()
while 1 do
  local nbytes = gcinfo()
  if nbytes < bytes then break end
  bytes = nbytes
  a = {}
end


local function dosteps (siz)
  collectgarbage()
  collectgarbage"stop"
  local a = {}
  for i=1,100 do a[i] = {{}}; local b = {} end
  local x = gcinfo()
  local i = 0
  repeat
    i = i+1
  until collectgarbage("step", siz)
  assert(gcinfo() < x)
  return i
end

assert(dosteps(0) > 10)
if os.getenv("LUA_INTERPRETER") ~= 'luajit_Linux' and
   os.getenv("LUA_INTERPRETER") ~= 'luajit_Darwin' then
assert(dosteps(6) < dosteps(2))
end
assert(dosteps(10000) == 1)
assert(collectgarbage("step", 1000000) == true)
assert(collectgarbage("step", 1000000))


do
  local x = gcinfo()
  collectgarbage()
  collectgarbage"stop"
  repeat
    local a = {}
  until gcinfo() > 1000
  collectgarbage"restart"
  repeat
    local a = {}
  until gcinfo() < 1000
end

lim = 15
a = {}

for i=1,lim do a[{}] = i end
b = {}
for k,v in pairs(a) do b[k]=v end

for n in pairs(b) do
  a[n] = nil
  assert(type(n) == 'table' and next(n) == nil)
  collectgarbage()
end
b = nil
collectgarbage()
for n in pairs(a) do error'cannot be here' end
for i=1,lim do a[i] = i end
for i=1,lim do assert(a[i] == i) end


print('weak tables')
a = {}; setmetatable(a, {__mode = 'k'});

for i=1,lim do a[{}] = i end

for i=1,lim do local t={}; a[t]=t end
for i=1,lim do a[i] = i end
for i=1,lim do local s=string.rep('@', i); a[s] = s..'#' end
collectgarbage()
local i = 0
for k,v in pairs(a) do assert(k==v or k..'#'==v); i=i+1 end
assert(i == 3*lim)

a = {}; setmetatable(a, {__mode = 'v'});
a[1] = string.rep('b', 21)
collectgarbage()
assert(a[1])
a[1] = nil

for i=1,lim do a[i] = {} end
for i=1,lim do a[i..'x'] = {} end

for i=1,lim do local t={}; a[t]=t end
for i=1,lim do a[i+lim]=i..'x' end
collectgarbage()
local i = 0
for k,v in pairs(a) do assert(k==v or k-lim..'x' == v); i=i+1 end
assert(i == 2*lim)

a = {}; setmetatable(a, {__mode = 'vk'});
local x, y, z = {}, {}, {}

a[1], a[2], a[3] = x, y, z
a[string.rep('$', 11)] = string.rep('$', 11)

for i=4,lim do a[i] = {} end
for i=1,lim do a[{}] = i end
for i=1,lim do local t={}; a[t]=t end
collectgarbage()
assert(next(a) ~= nil)
local i = 0
for k,v in pairs(a) do
  assert((k == 1 and v == x) or
         (k == 2 and v == y) or
         (k == 3 and v == z) or k==v);
  i = i+1
end
assert(i == 4)
x,y,z=nil
collectgarbage()
assert(next(a) == string.rep('$', 11))



collectgarbage("stop")
local u = newproxy(true)
local s = 0
local a = {[u] = 0}; setmetatable(a, {__mode = 'vk'})
for i=1,10 do a[newproxy(u)] = i end
for k in pairs(a) do assert(getmetatable(k) == getmetatable(u)) end
local a1 = {}; for k,v in pairs(a) do a1[k] = v end
for k,v in pairs(a1) do a[v] = k end
for i =1,10 do assert(a[i]) end
getmetatable(u).a = a1
getmetatable(u).u = u
do
  local u = u
  getmetatable(u).__gc = function (o)
    assert(a[o] == 10-s)
    assert(a[10-s] == nil)
    assert(getmetatable(o) == getmetatable(u))
    assert(getmetatable(o).a[o] == 10-s)
    s=s+1
  end
end
a1, u = nil
assert(next(a) ~= nil)
collectgarbage()
assert(s==11)
collectgarbage()
assert(next(a) == nil)



local u = newproxy(true)
setmetatable(getmetatable(u), {__mode = "v"})
getmetatable(u).__gc = function (o) os.exit(1) end
collectgarbage()

local u = newproxy(true)
local m = getmetatable(u)
m.x = {[{0}] = 1; [0] = {1}}; setmetatable(m.x, {__mode = "kv"});
m.__gc = function (o)
  assert(next(getmetatable(o).x) == nil)
  m = 10
end
u, m = nil
collectgarbage()
assert(m==10)



u = newproxy(true)
getmetatable(u).__gc = function () error "!!!" end
u = nil
assert(not pcall(collectgarbage))


if not rawget(_G, "_soft") then
  print("deep structures")
  local a = {}
  for i = 1,200000 do
    a = {next = a}
  end
  collectgarbage()
end


local thread_id = 0
local threads = {}

function fn(thread)
    local x = {}
    threads[thread_id] = function()
                             thread = x
                         end
    coroutine.yield()
end

while thread_id < 1000 do
    local thread = coroutine.create(fn)
    coroutine.resume(thread, thread)
    thread_id = thread_id + 1
end




do
  local newproxy,assert,type,print,getmetatable =
        newproxy,assert,type,print,getmetatable
  local u = newproxy(true)
  local tt = getmetatable(u)
  ___Glob = {u}
  tt.__gc = function (o)
    assert(getmetatable(o) == tt)

    local a = 'xuxu'..(10+3)..'joao', {}
    ___Glob = o
    newproxy(o)
    print(">>> closing state " .. "<<<\n")
  end
end


do
  local u = newproxy(true)
  getmetatable(u).__gc = function (o) return o + 1 end
  table.insert(___Glob, u)
  for i = 1,10 do table.insert(___Glob, newproxy(u)) end
end

print('OK')